// Jest Snapshot v1, https://goo.gl/fbAQLP

exports[`should renders correctly 1`] = `
<span
  className=""
>
  <div
    className="ant-upload ant-upload-select ant-upload-select-text"
  >
    <span
      className="ant-upload"
      onClick={[Function]}
      onDragOver={[Function]}
      onDrop={[Function]}
      onKeyDown={[Function]}
      role="button"
      tabIndex="0"
    >
      <input
        accept=""
        directory={null}
        multiple={false}
        onChange={[Function]}
        style={
          Object {
            "display": "none",
          }
        }
        type="file"
        webkitdirectory={null}
      />
      upload
    </span>
  </div>
  <div
    className="ant-upload-list ant-upload-list-text"
  />
</span>
`;
